--------------------------------------------------------------------------------
Release 14.5 Trace  (nt)
Copyright (c) 1995-2012 Xilinx, Inc.  All rights reserved.

C:\Xilinx\14.5\ISE_DS\ISE\bin\nt\unwrapped\trce.exe -intstyle ise -v 3 -s 3 -n
3 -fastpaths -xml ALU.twx ALU.ncd -o ALU.twr ALU.pcf

Design file:              ALU.ncd
Physical constraint file: ALU.pcf
Device,package,speed:     xc7a100t,csg324,C,-3 (PRODUCTION 1.08 2013-03-26)
Report level:             verbose report

Environment Variable      Effect 
--------------------      ------ 
NONE                      No environment variables were set
--------------------------------------------------------------------------------

INFO:Timing:2698 - No timing constraints found, doing default enumeration.
INFO:Timing:3412 - To improve timing, see the Timing Closure User Guide (UG612).
INFO:Timing:2752 - To get complete path coverage, use the unconstrained paths 
   option. All paths that are not constrained will be reported in the 
   unconstrained paths section(s) of the report.
INFO:Timing:3339 - The clock-to-out numbers in this timing report are based on 
   a 50 Ohm transmission line loading model.  For the details of this model, 
   and for more information on accounting for different loading conditions, 
   please see the device datasheet.



Data Sheet report:
-----------------
All values displayed in nanoseconds (ns)

Pad to Pad
---------------+---------------+---------+
Source Pad     |Destination Pad|  Delay  |
---------------+---------------+---------+
aluop<0>       |dataout<0>     |    8.551|
aluop<0>       |dataout<1>     |    8.564|
aluop<0>       |dataout<2>     |    8.852|
aluop<0>       |dataout<3>     |    9.252|
aluop<0>       |dataout<4>     |    8.711|
aluop<0>       |dataout<5>     |    9.218|
aluop<0>       |dataout<6>     |    9.094|
aluop<0>       |dataout<7>     |    9.163|
aluop<0>       |dataout<8>     |    8.642|
aluop<0>       |dataout<9>     |    8.471|
aluop<0>       |dataout<10>    |    8.739|
aluop<0>       |dataout<11>    |    9.095|
aluop<0>       |dataout<12>    |    8.913|
aluop<0>       |dataout<13>    |    9.051|
aluop<0>       |dataout<14>    |    9.031|
aluop<0>       |dataout<15>    |    8.494|
aluop<0>       |dataout<16>    |    8.599|
aluop<0>       |dataout<17>    |    8.697|
aluop<0>       |dataout<18>    |    8.833|
aluop<0>       |dataout<19>    |    8.436|
aluop<0>       |dataout<20>    |    8.196|
aluop<0>       |dataout<21>    |    8.257|
aluop<0>       |dataout<22>    |    8.372|
aluop<0>       |dataout<23>    |    8.456|
aluop<0>       |dataout<24>    |    8.559|
aluop<0>       |dataout<25>    |    8.677|
aluop<0>       |dataout<26>    |    8.781|
aluop<0>       |dataout<27>    |    8.458|
aluop<0>       |dataout<28>    |    8.587|
aluop<0>       |dataout<29>    |    8.655|
aluop<0>       |dataout<30>    |    8.616|
aluop<0>       |dataout<31>    |    8.488|
aluop<0>       |zflag          |   13.497|
aluop<1>       |dataout<0>     |    8.478|
aluop<1>       |dataout<1>     |    8.509|
aluop<1>       |dataout<2>     |    8.500|
aluop<1>       |dataout<3>     |    9.190|
aluop<1>       |dataout<4>     |    8.696|
aluop<1>       |dataout<5>     |   10.050|
aluop<1>       |dataout<6>     |    9.219|
aluop<1>       |dataout<7>     |    9.336|
aluop<1>       |dataout<8>     |    9.256|
aluop<1>       |dataout<9>     |    9.333|
aluop<1>       |dataout<10>    |    9.883|
aluop<1>       |dataout<11>    |   10.097|
aluop<1>       |dataout<12>    |    9.745|
aluop<1>       |dataout<13>    |    9.712|
aluop<1>       |dataout<14>    |    9.613|
aluop<1>       |dataout<15>    |    9.314|
aluop<1>       |dataout<16>    |    9.174|
aluop<1>       |dataout<17>    |    9.148|
aluop<1>       |dataout<18>    |    9.525|
aluop<1>       |dataout<19>    |    8.430|
aluop<1>       |dataout<20>    |    8.151|
aluop<1>       |dataout<21>    |    8.251|
aluop<1>       |dataout<22>    |    8.366|
aluop<1>       |dataout<23>    |    8.450|
aluop<1>       |dataout<24>    |    8.553|
aluop<1>       |dataout<25>    |    8.671|
aluop<1>       |dataout<26>    |    8.775|
aluop<1>       |dataout<27>    |    8.528|
aluop<1>       |dataout<28>    |    8.581|
aluop<1>       |dataout<29>    |    8.649|
aluop<1>       |dataout<30>    |    8.610|
aluop<1>       |dataout<31>    |    8.482|
aluop<1>       |zflag          |   13.518|
aluop<2>       |cflag          |   19.391|
aluop<2>       |dataout<0>     |    9.297|
aluop<2>       |dataout<1>     |    9.475|
aluop<2>       |dataout<2>     |    9.629|
aluop<2>       |dataout<3>     |    9.597|
aluop<2>       |dataout<4>     |    9.623|
aluop<2>       |dataout<5>     |   10.400|
aluop<2>       |dataout<6>     |   10.584|
aluop<2>       |dataout<7>     |   11.114|
aluop<2>       |dataout<8>     |   10.888|
aluop<2>       |dataout<9>     |   11.595|
aluop<2>       |dataout<10>    |   12.440|
aluop<2>       |dataout<11>    |   12.621|
aluop<2>       |dataout<12>    |   12.913|
aluop<2>       |dataout<13>    |   12.904|
aluop<2>       |dataout<14>    |   13.412|
aluop<2>       |dataout<15>    |   13.584|
aluop<2>       |dataout<16>    |   14.040|
aluop<2>       |dataout<17>    |   14.486|
aluop<2>       |dataout<18>    |   15.149|
aluop<2>       |dataout<19>    |   15.147|
aluop<2>       |dataout<20>    |   15.104|
aluop<2>       |dataout<21>    |   16.106|
aluop<2>       |dataout<22>    |   16.295|
aluop<2>       |dataout<23>    |   16.336|
aluop<2>       |dataout<24>    |   16.988|
aluop<2>       |dataout<25>    |   17.124|
aluop<2>       |dataout<26>    |   17.402|
aluop<2>       |dataout<27>    |   18.235|
aluop<2>       |dataout<28>    |   18.097|
aluop<2>       |dataout<29>    |   17.873|
aluop<2>       |dataout<30>    |   18.911|
aluop<2>       |dataout<31>    |   19.526|
aluop<2>       |oflag          |   19.445|
aluop<2>       |zflag          |   21.293|
aluop<3>       |dataout<0>     |    7.324|
aluop<3>       |dataout<1>     |    7.377|
aluop<3>       |dataout<2>     |    7.368|
aluop<3>       |dataout<3>     |    7.670|
aluop<3>       |dataout<4>     |    7.564|
aluop<3>       |dataout<5>     |    7.450|
aluop<3>       |dataout<6>     |    7.334|
aluop<3>       |dataout<7>     |    7.226|
aluop<3>       |dataout<8>     |    7.211|
aluop<3>       |dataout<9>     |    7.333|
aluop<3>       |dataout<10>    |    7.228|
aluop<3>       |dataout<11>    |    7.145|
aluop<3>       |dataout<12>    |    7.018|
aluop<3>       |dataout<13>    |    7.142|
aluop<3>       |dataout<14>    |    7.249|
aluop<3>       |dataout<15>    |    7.356|
aluop<3>       |dataout<16>    |    7.461|
aluop<3>       |dataout<17>    |    7.559|
aluop<3>       |dataout<18>    |    7.656|
aluop<3>       |dataout<19>    |    7.298|
aluop<3>       |dataout<20>    |    7.019|
aluop<3>       |dataout<21>    |    7.119|
aluop<3>       |dataout<22>    |    7.234|
aluop<3>       |dataout<23>    |    7.318|
aluop<3>       |dataout<24>    |    7.421|
aluop<3>       |dataout<25>    |    7.539|
aluop<3>       |dataout<26>    |    7.643|
aluop<3>       |dataout<27>    |    7.320|
aluop<3>       |dataout<28>    |    7.449|
aluop<3>       |dataout<29>    |    7.517|
aluop<3>       |dataout<30>    |    7.478|
aluop<3>       |dataout<31>    |    7.350|
aluop<3>       |zflag          |   11.595|
cin            |cflag          |   18.166|
cin            |dataout<0>     |    7.923|
cin            |dataout<1>     |    8.158|
cin            |dataout<2>     |    8.404|
cin            |dataout<3>     |    8.372|
cin            |dataout<4>     |    8.398|
cin            |dataout<5>     |    9.175|
cin            |dataout<6>     |    9.359|
cin            |dataout<7>     |    9.889|
cin            |dataout<8>     |    9.663|
cin            |dataout<9>     |   10.370|
cin            |dataout<10>    |   11.215|
cin            |dataout<11>    |   11.396|
cin            |dataout<12>    |   11.688|
cin            |dataout<13>    |   11.679|
cin            |dataout<14>    |   12.187|
cin            |dataout<15>    |   12.359|
cin            |dataout<16>    |   12.815|
cin            |dataout<17>    |   13.261|
cin            |dataout<18>    |   13.924|
cin            |dataout<19>    |   13.922|
cin            |dataout<20>    |   13.879|
cin            |dataout<21>    |   14.881|
cin            |dataout<22>    |   15.070|
cin            |dataout<23>    |   15.111|
cin            |dataout<24>    |   15.763|
cin            |dataout<25>    |   15.899|
cin            |dataout<26>    |   16.177|
cin            |dataout<27>    |   17.010|
cin            |dataout<28>    |   16.872|
cin            |dataout<29>    |   16.648|
cin            |dataout<30>    |   17.686|
cin            |dataout<31>    |   18.301|
cin            |oflag          |   18.220|
cin            |zflag          |   20.068|
data1<0>       |cflag          |   17.947|
data1<0>       |dataout<0>     |    7.890|
data1<0>       |dataout<1>     |    7.925|
data1<0>       |dataout<2>     |    8.185|
data1<0>       |dataout<3>     |    8.153|
data1<0>       |dataout<4>     |    8.179|
data1<0>       |dataout<5>     |    8.956|
data1<0>       |dataout<6>     |    9.140|
data1<0>       |dataout<7>     |    9.670|
data1<0>       |dataout<8>     |    9.444|
data1<0>       |dataout<9>     |   10.151|
data1<0>       |dataout<10>    |   10.996|
data1<0>       |dataout<11>    |   11.177|
data1<0>       |dataout<12>    |   11.469|
data1<0>       |dataout<13>    |   11.460|
data1<0>       |dataout<14>    |   11.968|
data1<0>       |dataout<15>    |   12.140|
data1<0>       |dataout<16>    |   12.596|
data1<0>       |dataout<17>    |   13.042|
data1<0>       |dataout<18>    |   13.705|
data1<0>       |dataout<19>    |   13.703|
data1<0>       |dataout<20>    |   13.660|
data1<0>       |dataout<21>    |   14.662|
data1<0>       |dataout<22>    |   14.851|
data1<0>       |dataout<23>    |   14.892|
data1<0>       |dataout<24>    |   15.544|
data1<0>       |dataout<25>    |   15.680|
data1<0>       |dataout<26>    |   15.958|
data1<0>       |dataout<27>    |   16.791|
data1<0>       |dataout<28>    |   16.653|
data1<0>       |dataout<29>    |   16.429|
data1<0>       |dataout<30>    |   17.467|
data1<0>       |dataout<31>    |   18.082|
data1<0>       |oflag          |   18.001|
data1<0>       |zflag          |   19.849|
data1<1>       |cflag          |   18.271|
data1<1>       |dataout<1>     |    7.789|
data1<1>       |dataout<2>     |    8.509|
data1<1>       |dataout<3>     |    8.477|
data1<1>       |dataout<4>     |    8.503|
data1<1>       |dataout<5>     |    9.280|
data1<1>       |dataout<6>     |    9.464|
data1<1>       |dataout<7>     |    9.994|
data1<1>       |dataout<8>     |    9.768|
data1<1>       |dataout<9>     |   10.475|
data1<1>       |dataout<10>    |   11.320|
data1<1>       |dataout<11>    |   11.501|
data1<1>       |dataout<12>    |   11.793|
data1<1>       |dataout<13>    |   11.784|
data1<1>       |dataout<14>    |   12.292|
data1<1>       |dataout<15>    |   12.464|
data1<1>       |dataout<16>    |   12.920|
data1<1>       |dataout<17>    |   13.366|
data1<1>       |dataout<18>    |   14.029|
data1<1>       |dataout<19>    |   14.027|
data1<1>       |dataout<20>    |   13.984|
data1<1>       |dataout<21>    |   14.986|
data1<1>       |dataout<22>    |   15.175|
data1<1>       |dataout<23>    |   15.216|
data1<1>       |dataout<24>    |   15.868|
data1<1>       |dataout<25>    |   16.004|
data1<1>       |dataout<26>    |   16.282|
data1<1>       |dataout<27>    |   17.115|
data1<1>       |dataout<28>    |   16.977|
data1<1>       |dataout<29>    |   16.753|
data1<1>       |dataout<30>    |   17.791|
data1<1>       |dataout<31>    |   18.406|
data1<1>       |oflag          |   18.325|
data1<1>       |zflag          |   20.173|
data1<2>       |cflag          |   18.459|
data1<2>       |dataout<2>     |    7.671|
data1<2>       |dataout<3>     |    7.957|
data1<2>       |dataout<4>     |    8.691|
data1<2>       |dataout<5>     |    9.468|
data1<2>       |dataout<6>     |    9.652|
data1<2>       |dataout<7>     |   10.182|
data1<2>       |dataout<8>     |    9.956|
data1<2>       |dataout<9>     |   10.663|
data1<2>       |dataout<10>    |   11.508|
data1<2>       |dataout<11>    |   11.689|
data1<2>       |dataout<12>    |   11.981|
data1<2>       |dataout<13>    |   11.972|
data1<2>       |dataout<14>    |   12.480|
data1<2>       |dataout<15>    |   12.652|
data1<2>       |dataout<16>    |   13.108|
data1<2>       |dataout<17>    |   13.554|
data1<2>       |dataout<18>    |   14.217|
data1<2>       |dataout<19>    |   14.215|
data1<2>       |dataout<20>    |   14.172|
data1<2>       |dataout<21>    |   15.174|
data1<2>       |dataout<22>    |   15.363|
data1<2>       |dataout<23>    |   15.404|
data1<2>       |dataout<24>    |   16.056|
data1<2>       |dataout<25>    |   16.192|
data1<2>       |dataout<26>    |   16.470|
data1<2>       |dataout<27>    |   17.303|
data1<2>       |dataout<28>    |   17.165|
data1<2>       |dataout<29>    |   16.941|
data1<2>       |dataout<30>    |   17.979|
data1<2>       |dataout<31>    |   18.594|
data1<2>       |oflag          |   18.513|
data1<2>       |zflag          |   20.361|
data1<3>       |cflag          |   18.171|
data1<3>       |dataout<3>     |    7.998|
data1<3>       |dataout<4>     |    8.403|
data1<3>       |dataout<5>     |    9.180|
data1<3>       |dataout<6>     |    9.364|
data1<3>       |dataout<7>     |    9.894|
data1<3>       |dataout<8>     |    9.668|
data1<3>       |dataout<9>     |   10.375|
data1<3>       |dataout<10>    |   11.220|
data1<3>       |dataout<11>    |   11.401|
data1<3>       |dataout<12>    |   11.693|
data1<3>       |dataout<13>    |   11.684|
data1<3>       |dataout<14>    |   12.192|
data1<3>       |dataout<15>    |   12.364|
data1<3>       |dataout<16>    |   12.820|
data1<3>       |dataout<17>    |   13.266|
data1<3>       |dataout<18>    |   13.929|
data1<3>       |dataout<19>    |   13.927|
data1<3>       |dataout<20>    |   13.884|
data1<3>       |dataout<21>    |   14.886|
data1<3>       |dataout<22>    |   15.075|
data1<3>       |dataout<23>    |   15.116|
data1<3>       |dataout<24>    |   15.768|
data1<3>       |dataout<25>    |   15.904|
data1<3>       |dataout<26>    |   16.182|
data1<3>       |dataout<27>    |   17.015|
data1<3>       |dataout<28>    |   16.877|
data1<3>       |dataout<29>    |   16.653|
data1<3>       |dataout<30>    |   17.691|
data1<3>       |dataout<31>    |   18.306|
data1<3>       |oflag          |   18.225|
data1<3>       |zflag          |   20.073|
data1<4>       |cflag          |   17.340|
data1<4>       |dataout<4>     |    7.962|
data1<4>       |dataout<5>     |    8.345|
data1<4>       |dataout<6>     |    8.533|
data1<4>       |dataout<7>     |    9.063|
data1<4>       |dataout<8>     |    8.837|
data1<4>       |dataout<9>     |    9.544|
data1<4>       |dataout<10>    |   10.389|
data1<4>       |dataout<11>    |   10.570|
data1<4>       |dataout<12>    |   10.862|
data1<4>       |dataout<13>    |   10.853|
data1<4>       |dataout<14>    |   11.361|
data1<4>       |dataout<15>    |   11.533|
data1<4>       |dataout<16>    |   11.989|
data1<4>       |dataout<17>    |   12.435|
data1<4>       |dataout<18>    |   13.098|
data1<4>       |dataout<19>    |   13.096|
data1<4>       |dataout<20>    |   13.053|
data1<4>       |dataout<21>    |   14.055|
data1<4>       |dataout<22>    |   14.244|
data1<4>       |dataout<23>    |   14.285|
data1<4>       |dataout<24>    |   14.937|
data1<4>       |dataout<25>    |   15.073|
data1<4>       |dataout<26>    |   15.351|
data1<4>       |dataout<27>    |   16.184|
data1<4>       |dataout<28>    |   16.046|
data1<4>       |dataout<29>    |   15.822|
data1<4>       |dataout<30>    |   16.860|
data1<4>       |dataout<31>    |   17.475|
data1<4>       |oflag          |   17.394|
data1<4>       |zflag          |   19.242|
data1<5>       |cflag          |   16.811|
data1<5>       |dataout<5>     |    8.170|
data1<5>       |dataout<6>     |    8.004|
data1<5>       |dataout<7>     |    8.534|
data1<5>       |dataout<8>     |    8.308|
data1<5>       |dataout<9>     |    9.015|
data1<5>       |dataout<10>    |    9.860|
data1<5>       |dataout<11>    |   10.041|
data1<5>       |dataout<12>    |   10.333|
data1<5>       |dataout<13>    |   10.324|
data1<5>       |dataout<14>    |   10.832|
data1<5>       |dataout<15>    |   11.004|
data1<5>       |dataout<16>    |   11.460|
data1<5>       |dataout<17>    |   11.906|
data1<5>       |dataout<18>    |   12.569|
data1<5>       |dataout<19>    |   12.567|
data1<5>       |dataout<20>    |   12.524|
data1<5>       |dataout<21>    |   13.526|
data1<5>       |dataout<22>    |   13.715|
data1<5>       |dataout<23>    |   13.756|
data1<5>       |dataout<24>    |   14.408|
data1<5>       |dataout<25>    |   14.544|
data1<5>       |dataout<26>    |   14.822|
data1<5>       |dataout<27>    |   15.655|
data1<5>       |dataout<28>    |   15.517|
data1<5>       |dataout<29>    |   15.293|
data1<5>       |dataout<30>    |   16.331|
data1<5>       |dataout<31>    |   16.946|
data1<5>       |oflag          |   16.865|
data1<5>       |zflag          |   18.713|
data1<6>       |cflag          |   16.798|
data1<6>       |dataout<6>     |    7.122|
data1<6>       |dataout<7>     |    7.884|
data1<6>       |dataout<8>     |    8.295|
data1<6>       |dataout<9>     |    9.002|
data1<6>       |dataout<10>    |    9.847|
data1<6>       |dataout<11>    |   10.028|
data1<6>       |dataout<12>    |   10.320|
data1<6>       |dataout<13>    |   10.311|
data1<6>       |dataout<14>    |   10.819|
data1<6>       |dataout<15>    |   10.991|
data1<6>       |dataout<16>    |   11.447|
data1<6>       |dataout<17>    |   11.893|
data1<6>       |dataout<18>    |   12.556|
data1<6>       |dataout<19>    |   12.554|
data1<6>       |dataout<20>    |   12.511|
data1<6>       |dataout<21>    |   13.513|
data1<6>       |dataout<22>    |   13.702|
data1<6>       |dataout<23>    |   13.743|
data1<6>       |dataout<24>    |   14.395|
data1<6>       |dataout<25>    |   14.531|
data1<6>       |dataout<26>    |   14.809|
data1<6>       |dataout<27>    |   15.642|
data1<6>       |dataout<28>    |   15.504|
data1<6>       |dataout<29>    |   15.280|
data1<6>       |dataout<30>    |   16.318|
data1<6>       |dataout<31>    |   16.933|
data1<6>       |oflag          |   16.852|
data1<6>       |zflag          |   18.700|
data1<7>       |cflag          |   16.641|
data1<7>       |dataout<7>     |    7.480|
data1<7>       |dataout<8>     |    8.138|
data1<7>       |dataout<9>     |    8.845|
data1<7>       |dataout<10>    |    9.690|
data1<7>       |dataout<11>    |    9.871|
data1<7>       |dataout<12>    |   10.163|
data1<7>       |dataout<13>    |   10.154|
data1<7>       |dataout<14>    |   10.662|
data1<7>       |dataout<15>    |   10.834|
data1<7>       |dataout<16>    |   11.290|
data1<7>       |dataout<17>    |   11.736|
data1<7>       |dataout<18>    |   12.399|
data1<7>       |dataout<19>    |   12.397|
data1<7>       |dataout<20>    |   12.354|
data1<7>       |dataout<21>    |   13.356|
data1<7>       |dataout<22>    |   13.545|
data1<7>       |dataout<23>    |   13.586|
data1<7>       |dataout<24>    |   14.238|
data1<7>       |dataout<25>    |   14.374|
data1<7>       |dataout<26>    |   14.652|
data1<7>       |dataout<27>    |   15.485|
data1<7>       |dataout<28>    |   15.347|
data1<7>       |dataout<29>    |   15.123|
data1<7>       |dataout<30>    |   16.161|
data1<7>       |dataout<31>    |   16.776|
data1<7>       |oflag          |   16.695|
data1<7>       |zflag          |   18.543|
data1<8>       |cflag          |   15.971|
data1<8>       |dataout<8>     |    7.470|
data1<8>       |dataout<9>     |    8.175|
data1<8>       |dataout<10>    |    9.020|
data1<8>       |dataout<11>    |    9.201|
data1<8>       |dataout<12>    |    9.493|
data1<8>       |dataout<13>    |    9.484|
data1<8>       |dataout<14>    |    9.992|
data1<8>       |dataout<15>    |   10.164|
data1<8>       |dataout<16>    |   10.620|
data1<8>       |dataout<17>    |   11.066|
data1<8>       |dataout<18>    |   11.729|
data1<8>       |dataout<19>    |   11.727|
data1<8>       |dataout<20>    |   11.684|
data1<8>       |dataout<21>    |   12.686|
data1<8>       |dataout<22>    |   12.875|
data1<8>       |dataout<23>    |   12.916|
data1<8>       |dataout<24>    |   13.568|
data1<8>       |dataout<25>    |   13.704|
data1<8>       |dataout<26>    |   13.982|
data1<8>       |dataout<27>    |   14.815|
data1<8>       |dataout<28>    |   14.677|
data1<8>       |dataout<29>    |   14.453|
data1<8>       |dataout<30>    |   15.491|
data1<8>       |dataout<31>    |   16.106|
data1<8>       |oflag          |   16.025|
data1<8>       |zflag          |   17.873|
data1<9>       |cflag          |   15.851|
data1<9>       |dataout<9>     |    7.431|
data1<9>       |dataout<10>    |    7.926|
data1<9>       |dataout<11>    |    9.081|
data1<9>       |dataout<12>    |    9.373|
data1<9>       |dataout<13>    |    9.364|
data1<9>       |dataout<14>    |    9.872|
data1<9>       |dataout<15>    |   10.044|
data1<9>       |dataout<16>    |   10.500|
data1<9>       |dataout<17>    |   10.946|
data1<9>       |dataout<18>    |   11.609|
data1<9>       |dataout<19>    |   11.607|
data1<9>       |dataout<20>    |   11.564|
data1<9>       |dataout<21>    |   12.566|
data1<9>       |dataout<22>    |   12.755|
data1<9>       |dataout<23>    |   12.796|
data1<9>       |dataout<24>    |   13.448|
data1<9>       |dataout<25>    |   13.584|
data1<9>       |dataout<26>    |   13.862|
data1<9>       |dataout<27>    |   14.695|
data1<9>       |dataout<28>    |   14.557|
data1<9>       |dataout<29>    |   14.333|
data1<9>       |dataout<30>    |   15.371|
data1<9>       |dataout<31>    |   15.986|
data1<9>       |oflag          |   15.905|
data1<9>       |zflag          |   17.753|
data1<10>      |cflag          |   15.846|
data1<10>      |dataout<10>    |    8.337|
data1<10>      |dataout<11>    |    9.076|
data1<10>      |dataout<12>    |    9.368|
data1<10>      |dataout<13>    |    9.359|
data1<10>      |dataout<14>    |    9.867|
data1<10>      |dataout<15>    |   10.039|
data1<10>      |dataout<16>    |   10.495|
data1<10>      |dataout<17>    |   10.941|
data1<10>      |dataout<18>    |   11.604|
data1<10>      |dataout<19>    |   11.602|
data1<10>      |dataout<20>    |   11.559|
data1<10>      |dataout<21>    |   12.561|
data1<10>      |dataout<22>    |   12.750|
data1<10>      |dataout<23>    |   12.791|
data1<10>      |dataout<24>    |   13.443|
data1<10>      |dataout<25>    |   13.579|
data1<10>      |dataout<26>    |   13.857|
data1<10>      |dataout<27>    |   14.690|
data1<10>      |dataout<28>    |   14.552|
data1<10>      |dataout<29>    |   14.328|
data1<10>      |dataout<30>    |   15.366|
data1<10>      |dataout<31>    |   15.981|
data1<10>      |oflag          |   15.900|
data1<10>      |zflag          |   17.748|
data1<11>      |cflag          |   14.806|
data1<11>      |dataout<11>    |    7.881|
data1<11>      |dataout<12>    |    8.000|
data1<11>      |dataout<13>    |    8.319|
data1<11>      |dataout<14>    |    8.827|
data1<11>      |dataout<15>    |    8.999|
data1<11>      |dataout<16>    |    9.455|
data1<11>      |dataout<17>    |    9.901|
data1<11>      |dataout<18>    |   10.564|
data1<11>      |dataout<19>    |   10.562|
data1<11>      |dataout<20>    |   10.519|
data1<11>      |dataout<21>    |   11.521|
data1<11>      |dataout<22>    |   11.710|
data1<11>      |dataout<23>    |   11.751|
data1<11>      |dataout<24>    |   12.403|
data1<11>      |dataout<25>    |   12.539|
data1<11>      |dataout<26>    |   12.817|
data1<11>      |dataout<27>    |   13.650|
data1<11>      |dataout<28>    |   13.512|
data1<11>      |dataout<29>    |   13.288|
data1<11>      |dataout<30>    |   14.326|
data1<11>      |dataout<31>    |   14.941|
data1<11>      |oflag          |   14.860|
data1<11>      |zflag          |   16.708|
data1<12>      |cflag          |   14.502|
data1<12>      |dataout<12>    |    7.944|
data1<12>      |dataout<13>    |    8.015|
data1<12>      |dataout<14>    |    8.523|
data1<12>      |dataout<15>    |    8.695|
data1<12>      |dataout<16>    |    9.151|
data1<12>      |dataout<17>    |    9.597|
data1<12>      |dataout<18>    |   10.260|
data1<12>      |dataout<19>    |   10.258|
data1<12>      |dataout<20>    |   10.215|
data1<12>      |dataout<21>    |   11.217|
data1<12>      |dataout<22>    |   11.406|
data1<12>      |dataout<23>    |   11.447|
data1<12>      |dataout<24>    |   12.099|
data1<12>      |dataout<25>    |   12.235|
data1<12>      |dataout<26>    |   12.513|
data1<12>      |dataout<27>    |   13.346|
data1<12>      |dataout<28>    |   13.208|
data1<12>      |dataout<29>    |   12.984|
data1<12>      |dataout<30>    |   14.022|
data1<12>      |dataout<31>    |   14.637|
data1<12>      |oflag          |   14.556|
data1<12>      |zflag          |   16.404|
data1<13>      |cflag          |   14.288|
data1<13>      |dataout<13>    |    7.882|
data1<13>      |dataout<14>    |    7.891|
data1<13>      |dataout<15>    |    8.481|
data1<13>      |dataout<16>    |    8.937|
data1<13>      |dataout<17>    |    9.383|
data1<13>      |dataout<18>    |   10.046|
data1<13>      |dataout<19>    |   10.044|
data1<13>      |dataout<20>    |   10.001|
data1<13>      |dataout<21>    |   11.003|
data1<13>      |dataout<22>    |   11.192|
data1<13>      |dataout<23>    |   11.233|
data1<13>      |dataout<24>    |   11.885|
data1<13>      |dataout<25>    |   12.021|
data1<13>      |dataout<26>    |   12.299|
data1<13>      |dataout<27>    |   13.132|
data1<13>      |dataout<28>    |   12.994|
data1<13>      |dataout<29>    |   12.770|
data1<13>      |dataout<30>    |   13.808|
data1<13>      |dataout<31>    |   14.423|
data1<13>      |oflag          |   14.342|
data1<13>      |zflag          |   16.190|
data1<14>      |cflag          |   14.496|
data1<14>      |dataout<14>    |    8.004|
data1<14>      |dataout<15>    |    8.689|
data1<14>      |dataout<16>    |    9.145|
data1<14>      |dataout<17>    |    9.591|
data1<14>      |dataout<18>    |   10.254|
data1<14>      |dataout<19>    |   10.252|
data1<14>      |dataout<20>    |   10.209|
data1<14>      |dataout<21>    |   11.211|
data1<14>      |dataout<22>    |   11.400|
data1<14>      |dataout<23>    |   11.441|
data1<14>      |dataout<24>    |   12.093|
data1<14>      |dataout<25>    |   12.229|
data1<14>      |dataout<26>    |   12.507|
data1<14>      |dataout<27>    |   13.340|
data1<14>      |dataout<28>    |   13.202|
data1<14>      |dataout<29>    |   12.978|
data1<14>      |dataout<30>    |   14.016|
data1<14>      |dataout<31>    |   14.631|
data1<14>      |oflag          |   14.550|
data1<14>      |zflag          |   16.398|
data1<15>      |cflag          |   13.823|
data1<15>      |dataout<15>    |    7.302|
data1<15>      |dataout<16>    |    8.188|
data1<15>      |dataout<17>    |    8.918|
data1<15>      |dataout<18>    |    9.581|
data1<15>      |dataout<19>    |    9.579|
data1<15>      |dataout<20>    |    9.536|
data1<15>      |dataout<21>    |   10.538|
data1<15>      |dataout<22>    |   10.727|
data1<15>      |dataout<23>    |   10.768|
data1<15>      |dataout<24>    |   11.420|
data1<15>      |dataout<25>    |   11.556|
data1<15>      |dataout<26>    |   11.834|
data1<15>      |dataout<27>    |   12.667|
data1<15>      |dataout<28>    |   12.529|
data1<15>      |dataout<29>    |   12.305|
data1<15>      |dataout<30>    |   13.343|
data1<15>      |dataout<31>    |   13.958|
data1<15>      |oflag          |   13.877|
data1<15>      |zflag          |   15.725|
data1<16>      |cflag          |   13.813|
data1<16>      |dataout<16>    |    7.936|
data1<16>      |dataout<17>    |    8.908|
data1<16>      |dataout<18>    |    9.571|
data1<16>      |dataout<19>    |    9.569|
data1<16>      |dataout<20>    |    9.526|
data1<16>      |dataout<21>    |   10.528|
data1<16>      |dataout<22>    |   10.717|
data1<16>      |dataout<23>    |   10.758|
data1<16>      |dataout<24>    |   11.410|
data1<16>      |dataout<25>    |   11.546|
data1<16>      |dataout<26>    |   11.824|
data1<16>      |dataout<27>    |   12.657|
data1<16>      |dataout<28>    |   12.519|
data1<16>      |dataout<29>    |   12.295|
data1<16>      |dataout<30>    |   13.333|
data1<16>      |dataout<31>    |   13.948|
data1<16>      |oflag          |   13.867|
data1<16>      |zflag          |   15.715|
data1<17>      |cflag          |   13.530|
data1<17>      |dataout<17>    |    8.235|
data1<17>      |dataout<18>    |    9.204|
data1<17>      |dataout<19>    |    9.286|
data1<17>      |dataout<20>    |    9.243|
data1<17>      |dataout<21>    |   10.245|
data1<17>      |dataout<22>    |   10.434|
data1<17>      |dataout<23>    |   10.475|
data1<17>      |dataout<24>    |   11.127|
data1<17>      |dataout<25>    |   11.263|
data1<17>      |dataout<26>    |   11.541|
data1<17>      |dataout<27>    |   12.374|
data1<17>      |dataout<28>    |   12.236|
data1<17>      |dataout<29>    |   12.012|
data1<17>      |dataout<30>    |   13.050|
data1<17>      |dataout<31>    |   13.665|
data1<17>      |oflag          |   13.584|
data1<17>      |zflag          |   15.432|
data1<18>      |cflag          |   13.635|
data1<18>      |dataout<18>    |    8.735|
data1<18>      |dataout<19>    |    9.391|
data1<18>      |dataout<20>    |    9.348|
data1<18>      |dataout<21>    |   10.350|
data1<18>      |dataout<22>    |   10.539|
data1<18>      |dataout<23>    |   10.580|
data1<18>      |dataout<24>    |   11.232|
data1<18>      |dataout<25>    |   11.368|
data1<18>      |dataout<26>    |   11.646|
data1<18>      |dataout<27>    |   12.479|
data1<18>      |dataout<28>    |   12.341|
data1<18>      |dataout<29>    |   12.117|
data1<18>      |dataout<30>    |   13.155|
data1<18>      |dataout<31>    |   13.770|
data1<18>      |oflag          |   13.689|
data1<18>      |zflag          |   15.537|
data1<19>      |cflag          |   11.415|
data1<19>      |dataout<19>    |    7.733|
data1<19>      |dataout<20>    |    7.996|
data1<19>      |dataout<21>    |    8.130|
data1<19>      |dataout<22>    |    8.319|
data1<19>      |dataout<23>    |    8.360|
data1<19>      |dataout<24>    |    9.012|
data1<19>      |dataout<25>    |    9.148|
data1<19>      |dataout<26>    |    9.426|
data1<19>      |dataout<27>    |   10.259|
data1<19>      |dataout<28>    |   10.121|
data1<19>      |dataout<29>    |    9.897|
data1<19>      |dataout<30>    |   10.935|
data1<19>      |dataout<31>    |   11.550|
data1<19>      |oflag          |   11.469|
data1<19>      |zflag          |   13.317|
data1<20>      |cflag          |   11.189|
data1<20>      |dataout<20>    |    7.548|
data1<20>      |dataout<21>    |    7.904|
data1<20>      |dataout<22>    |    8.093|
data1<20>      |dataout<23>    |    8.134|
data1<20>      |dataout<24>    |    8.786|
data1<20>      |dataout<25>    |    8.922|
data1<20>      |dataout<26>    |    9.200|
data1<20>      |dataout<27>    |   10.033|
data1<20>      |dataout<28>    |    9.895|
data1<20>      |dataout<29>    |    9.671|
data1<20>      |dataout<30>    |   10.709|
data1<20>      |dataout<31>    |   11.324|
data1<20>      |oflag          |   11.243|
data1<20>      |zflag          |   13.091|
data1<21>      |cflag          |   10.558|
data1<21>      |dataout<21>    |    7.091|
data1<21>      |dataout<22>    |    7.706|
data1<21>      |dataout<23>    |    7.503|
data1<21>      |dataout<24>    |    8.155|
data1<21>      |dataout<25>    |    8.291|
data1<21>      |dataout<26>    |    8.569|
data1<21>      |dataout<27>    |    9.402|
data1<21>      |dataout<28>    |    9.264|
data1<21>      |dataout<29>    |    9.040|
data1<21>      |dataout<30>    |   10.078|
data1<21>      |dataout<31>    |   10.693|
data1<21>      |oflag          |   10.612|
data1<21>      |zflag          |   12.460|
data1<22>      |cflag          |   10.742|
data1<22>      |dataout<22>    |    7.817|
data1<22>      |dataout<23>    |    7.687|
data1<22>      |dataout<24>    |    8.339|
data1<22>      |dataout<25>    |    8.475|
data1<22>      |dataout<26>    |    8.753|
data1<22>      |dataout<27>    |    9.586|
data1<22>      |dataout<28>    |    9.448|
data1<22>      |dataout<29>    |    9.224|
data1<22>      |dataout<30>    |   10.262|
data1<22>      |dataout<31>    |   10.877|
data1<22>      |oflag          |   10.796|
data1<22>      |zflag          |   12.644|
data1<23>      |cflag          |   10.131|
data1<23>      |dataout<23>    |    7.315|
data1<23>      |dataout<24>    |    7.653|
data1<23>      |dataout<25>    |    7.864|
data1<23>      |dataout<26>    |    8.142|
data1<23>      |dataout<27>    |    8.975|
data1<23>      |dataout<28>    |    8.837|
data1<23>      |dataout<29>    |    8.613|
data1<23>      |dataout<30>    |    9.651|
data1<23>      |dataout<31>    |   10.266|
data1<23>      |oflag          |   10.185|
data1<23>      |zflag          |   12.033|
data1<24>      |cflag          |   10.333|
data1<24>      |dataout<24>    |    7.868|
data1<24>      |dataout<25>    |    8.066|
data1<24>      |dataout<26>    |    8.344|
data1<24>      |dataout<27>    |    9.177|
data1<24>      |dataout<28>    |    9.039|
data1<24>      |dataout<29>    |    8.815|
data1<24>      |dataout<30>    |    9.853|
data1<24>      |dataout<31>    |   10.468|
data1<24>      |oflag          |   10.387|
data1<24>      |zflag          |   12.235|
data1<25>      |cflag          |    9.705|
data1<25>      |dataout<25>    |    7.938|
data1<25>      |dataout<26>    |    7.490|
data1<25>      |dataout<27>    |    8.549|
data1<25>      |dataout<28>    |    8.411|
data1<25>      |dataout<29>    |    8.187|
data1<25>      |dataout<30>    |    9.225|
data1<25>      |dataout<31>    |    9.840|
data1<25>      |oflag          |    9.759|
data1<25>      |zflag          |   11.607|
data1<26>      |cflag          |   10.029|
data1<26>      |dataout<26>    |    7.581|
data1<26>      |dataout<27>    |    8.873|
data1<26>      |dataout<28>    |    8.735|
data1<26>      |dataout<29>    |    8.511|
data1<26>      |dataout<30>    |    9.549|
data1<26>      |dataout<31>    |   10.164|
data1<26>      |oflag          |   10.083|
data1<26>      |zflag          |   11.931|
data1<27>      |cflag          |    8.785|
data1<27>      |dataout<27>    |    7.742|
data1<27>      |dataout<28>    |    7.622|
data1<27>      |dataout<29>    |    7.267|
data1<27>      |dataout<30>    |    8.305|
data1<27>      |dataout<31>    |    8.920|
data1<27>      |oflag          |    8.839|
data1<27>      |zflag          |   10.687|
data1<28>      |cflag          |    9.176|
data1<28>      |dataout<28>    |    7.605|
data1<28>      |dataout<29>    |    7.658|
data1<28>      |dataout<30>    |    8.696|
data1<28>      |dataout<31>    |    9.311|
data1<28>      |oflag          |    9.230|
data1<28>      |zflag          |   11.078|
data1<29>      |cflag          |    7.909|
data1<29>      |dataout<29>    |    7.172|
data1<29>      |dataout<30>    |    7.878|
data1<29>      |dataout<31>    |    8.044|
data1<29>      |oflag          |    7.963|
data1<29>      |zflag          |    9.811|
data1<30>      |cflag          |    8.472|
data1<30>      |dataout<30>    |    8.140|
data1<30>      |dataout<31>    |    8.607|
data1<30>      |oflag          |    8.526|
data1<30>      |zflag          |   10.374|
data1<31>      |cflag          |    6.128|
data1<31>      |dataout<31>    |    7.589|
data1<31>      |oflag          |    6.190|
data1<31>      |zflag          |    9.356|
data2<0>       |cflag          |   17.889|
data2<0>       |dataout<0>     |    7.287|
data2<0>       |dataout<1>     |    7.530|
data2<0>       |dataout<2>     |    8.127|
data2<0>       |dataout<3>     |    8.095|
data2<0>       |dataout<4>     |    8.121|
data2<0>       |dataout<5>     |    8.898|
data2<0>       |dataout<6>     |    9.082|
data2<0>       |dataout<7>     |    9.612|
data2<0>       |dataout<8>     |    9.386|
data2<0>       |dataout<9>     |   10.093|
data2<0>       |dataout<10>    |   10.938|
data2<0>       |dataout<11>    |   11.119|
data2<0>       |dataout<12>    |   11.411|
data2<0>       |dataout<13>    |   11.402|
data2<0>       |dataout<14>    |   11.910|
data2<0>       |dataout<15>    |   12.082|
data2<0>       |dataout<16>    |   12.538|
data2<0>       |dataout<17>    |   12.984|
data2<0>       |dataout<18>    |   13.647|
data2<0>       |dataout<19>    |   13.645|
data2<0>       |dataout<20>    |   13.602|
data2<0>       |dataout<21>    |   14.604|
data2<0>       |dataout<22>    |   14.793|
data2<0>       |dataout<23>    |   14.834|
data2<0>       |dataout<24>    |   15.486|
data2<0>       |dataout<25>    |   15.622|
data2<0>       |dataout<26>    |   15.900|
data2<0>       |dataout<27>    |   16.733|
data2<0>       |dataout<28>    |   16.595|
data2<0>       |dataout<29>    |   16.371|
data2<0>       |dataout<30>    |   17.409|
data2<0>       |dataout<31>    |   18.024|
data2<0>       |oflag          |   17.943|
data2<0>       |zflag          |   19.791|
data2<1>       |cflag          |   17.931|
data2<1>       |dataout<1>     |    7.351|
data2<1>       |dataout<2>     |    8.169|
data2<1>       |dataout<3>     |    8.137|
data2<1>       |dataout<4>     |    8.163|
data2<1>       |dataout<5>     |    8.940|
data2<1>       |dataout<6>     |    9.124|
data2<1>       |dataout<7>     |    9.654|
data2<1>       |dataout<8>     |    9.428|
data2<1>       |dataout<9>     |   10.135|
data2<1>       |dataout<10>    |   10.980|
data2<1>       |dataout<11>    |   11.161|
data2<1>       |dataout<12>    |   11.453|
data2<1>       |dataout<13>    |   11.444|
data2<1>       |dataout<14>    |   11.952|
data2<1>       |dataout<15>    |   12.124|
data2<1>       |dataout<16>    |   12.580|
data2<1>       |dataout<17>    |   13.026|
data2<1>       |dataout<18>    |   13.689|
data2<1>       |dataout<19>    |   13.687|
data2<1>       |dataout<20>    |   13.644|
data2<1>       |dataout<21>    |   14.646|
data2<1>       |dataout<22>    |   14.835|
data2<1>       |dataout<23>    |   14.876|
data2<1>       |dataout<24>    |   15.528|
data2<1>       |dataout<25>    |   15.664|
data2<1>       |dataout<26>    |   15.942|
data2<1>       |dataout<27>    |   16.775|
data2<1>       |dataout<28>    |   16.637|
data2<1>       |dataout<29>    |   16.413|
data2<1>       |dataout<30>    |   17.451|
data2<1>       |dataout<31>    |   18.066|
data2<1>       |oflag          |   17.985|
data2<1>       |zflag          |   19.833|
data2<2>       |cflag          |   17.876|
data2<2>       |dataout<2>     |    7.423|
data2<2>       |dataout<3>     |    7.856|
data2<2>       |dataout<4>     |    8.108|
data2<2>       |dataout<5>     |    8.885|
data2<2>       |dataout<6>     |    9.069|
data2<2>       |dataout<7>     |    9.599|
data2<2>       |dataout<8>     |    9.373|
data2<2>       |dataout<9>     |   10.080|
data2<2>       |dataout<10>    |   10.925|
data2<2>       |dataout<11>    |   11.106|
data2<2>       |dataout<12>    |   11.398|
data2<2>       |dataout<13>    |   11.389|
data2<2>       |dataout<14>    |   11.897|
data2<2>       |dataout<15>    |   12.069|
data2<2>       |dataout<16>    |   12.525|
data2<2>       |dataout<17>    |   12.971|
data2<2>       |dataout<18>    |   13.634|
data2<2>       |dataout<19>    |   13.632|
data2<2>       |dataout<20>    |   13.589|
data2<2>       |dataout<21>    |   14.591|
data2<2>       |dataout<22>    |   14.780|
data2<2>       |dataout<23>    |   14.821|
data2<2>       |dataout<24>    |   15.473|
data2<2>       |dataout<25>    |   15.609|
data2<2>       |dataout<26>    |   15.887|
data2<2>       |dataout<27>    |   16.720|
data2<2>       |dataout<28>    |   16.582|
data2<2>       |dataout<29>    |   16.358|
data2<2>       |dataout<30>    |   17.396|
data2<2>       |dataout<31>    |   18.011|
data2<2>       |oflag          |   17.930|
data2<2>       |zflag          |   19.778|
data2<3>       |cflag          |   17.512|
data2<3>       |dataout<3>     |    7.946|
data2<3>       |dataout<4>     |    7.744|
data2<3>       |dataout<5>     |    8.521|
data2<3>       |dataout<6>     |    8.705|
data2<3>       |dataout<7>     |    9.235|
data2<3>       |dataout<8>     |    9.009|
data2<3>       |dataout<9>     |    9.716|
data2<3>       |dataout<10>    |   10.561|
data2<3>       |dataout<11>    |   10.742|
data2<3>       |dataout<12>    |   11.034|
data2<3>       |dataout<13>    |   11.025|
data2<3>       |dataout<14>    |   11.533|
data2<3>       |dataout<15>    |   11.705|
data2<3>       |dataout<16>    |   12.161|
data2<3>       |dataout<17>    |   12.607|
data2<3>       |dataout<18>    |   13.270|
data2<3>       |dataout<19>    |   13.268|
data2<3>       |dataout<20>    |   13.225|
data2<3>       |dataout<21>    |   14.227|
data2<3>       |dataout<22>    |   14.416|
data2<3>       |dataout<23>    |   14.457|
data2<3>       |dataout<24>    |   15.109|
data2<3>       |dataout<25>    |   15.245|
data2<3>       |dataout<26>    |   15.523|
data2<3>       |dataout<27>    |   16.356|
data2<3>       |dataout<28>    |   16.218|
data2<3>       |dataout<29>    |   15.994|
data2<3>       |dataout<30>    |   17.032|
data2<3>       |dataout<31>    |   17.647|
data2<3>       |oflag          |   17.566|
data2<3>       |zflag          |   19.414|
data2<4>       |cflag          |   16.818|
data2<4>       |dataout<4>     |    7.038|
data2<4>       |dataout<5>     |    7.676|
data2<4>       |dataout<6>     |    8.011|
data2<4>       |dataout<7>     |    8.541|
data2<4>       |dataout<8>     |    8.315|
data2<4>       |dataout<9>     |    9.022|
data2<4>       |dataout<10>    |    9.867|
data2<4>       |dataout<11>    |   10.048|
data2<4>       |dataout<12>    |   10.340|
data2<4>       |dataout<13>    |   10.331|
data2<4>       |dataout<14>    |   10.839|
data2<4>       |dataout<15>    |   11.011|
data2<4>       |dataout<16>    |   11.467|
data2<4>       |dataout<17>    |   11.913|
data2<4>       |dataout<18>    |   12.576|
data2<4>       |dataout<19>    |   12.574|
data2<4>       |dataout<20>    |   12.531|
data2<4>       |dataout<21>    |   13.533|
data2<4>       |dataout<22>    |   13.722|
data2<4>       |dataout<23>    |   13.763|
data2<4>       |dataout<24>    |   14.415|
data2<4>       |dataout<25>    |   14.551|
data2<4>       |dataout<26>    |   14.829|
data2<4>       |dataout<27>    |   15.662|
data2<4>       |dataout<28>    |   15.524|
data2<4>       |dataout<29>    |   15.300|
data2<4>       |dataout<30>    |   16.338|
data2<4>       |dataout<31>    |   16.953|
data2<4>       |oflag          |   16.872|
data2<4>       |zflag          |   18.720|
data2<5>       |cflag          |   16.898|
data2<5>       |dataout<5>     |    8.479|
data2<5>       |dataout<6>     |    8.091|
data2<5>       |dataout<7>     |    8.621|
data2<5>       |dataout<8>     |    8.395|
data2<5>       |dataout<9>     |    9.102|
data2<5>       |dataout<10>    |    9.947|
data2<5>       |dataout<11>    |   10.128|
data2<5>       |dataout<12>    |   10.420|
data2<5>       |dataout<13>    |   10.411|
data2<5>       |dataout<14>    |   10.919|
data2<5>       |dataout<15>    |   11.091|
data2<5>       |dataout<16>    |   11.547|
data2<5>       |dataout<17>    |   11.993|
data2<5>       |dataout<18>    |   12.656|
data2<5>       |dataout<19>    |   12.654|
data2<5>       |dataout<20>    |   12.611|
data2<5>       |dataout<21>    |   13.613|
data2<5>       |dataout<22>    |   13.802|
data2<5>       |dataout<23>    |   13.843|
data2<5>       |dataout<24>    |   14.495|
data2<5>       |dataout<25>    |   14.631|
data2<5>       |dataout<26>    |   14.909|
data2<5>       |dataout<27>    |   15.742|
data2<5>       |dataout<28>    |   15.604|
data2<5>       |dataout<29>    |   15.380|
data2<5>       |dataout<30>    |   16.418|
data2<5>       |dataout<31>    |   17.033|
data2<5>       |oflag          |   16.952|
data2<5>       |zflag          |   18.800|
data2<6>       |cflag          |   16.205|
data2<6>       |dataout<6>     |    7.573|
data2<6>       |dataout<7>     |    7.741|
data2<6>       |dataout<8>     |    7.702|
data2<6>       |dataout<9>     |    8.409|
data2<6>       |dataout<10>    |    9.254|
data2<6>       |dataout<11>    |    9.435|
data2<6>       |dataout<12>    |    9.727|
data2<6>       |dataout<13>    |    9.718|
data2<6>       |dataout<14>    |   10.226|
data2<6>       |dataout<15>    |   10.398|
data2<6>       |dataout<16>    |   10.854|
data2<6>       |dataout<17>    |   11.300|
data2<6>       |dataout<18>    |   11.963|
data2<6>       |dataout<19>    |   11.961|
data2<6>       |dataout<20>    |   11.918|
data2<6>       |dataout<21>    |   12.920|
data2<6>       |dataout<22>    |   13.109|
data2<6>       |dataout<23>    |   13.150|
data2<6>       |dataout<24>    |   13.802|
data2<6>       |dataout<25>    |   13.938|
data2<6>       |dataout<26>    |   14.216|
data2<6>       |dataout<27>    |   15.049|
data2<6>       |dataout<28>    |   14.911|
data2<6>       |dataout<29>    |   14.687|
data2<6>       |dataout<30>    |   15.725|
data2<6>       |dataout<31>    |   16.340|
data2<6>       |oflag          |   16.259|
data2<6>       |zflag          |   18.107|
data2<7>       |cflag          |   16.458|
data2<7>       |dataout<7>     |    7.804|
data2<7>       |dataout<8>     |    7.955|
data2<7>       |dataout<9>     |    8.662|
data2<7>       |dataout<10>    |    9.507|
data2<7>       |dataout<11>    |    9.688|
data2<7>       |dataout<12>    |    9.980|
data2<7>       |dataout<13>    |    9.971|
data2<7>       |dataout<14>    |   10.479|
data2<7>       |dataout<15>    |   10.651|
data2<7>       |dataout<16>    |   11.107|
data2<7>       |dataout<17>    |   11.553|
data2<7>       |dataout<18>    |   12.216|
data2<7>       |dataout<19>    |   12.214|
data2<7>       |dataout<20>    |   12.171|
data2<7>       |dataout<21>    |   13.173|
data2<7>       |dataout<22>    |   13.362|
data2<7>       |dataout<23>    |   13.403|
data2<7>       |dataout<24>    |   14.055|
data2<7>       |dataout<25>    |   14.191|
data2<7>       |dataout<26>    |   14.469|
data2<7>       |dataout<27>    |   15.302|
data2<7>       |dataout<28>    |   15.164|
data2<7>       |dataout<29>    |   14.940|
data2<7>       |dataout<30>    |   15.978|
data2<7>       |dataout<31>    |   16.593|
data2<7>       |oflag          |   16.512|
data2<7>       |zflag          |   18.360|
data2<8>       |cflag          |   15.730|
data2<8>       |dataout<8>     |    7.660|
data2<8>       |dataout<9>     |    7.934|
data2<8>       |dataout<10>    |    8.779|
data2<8>       |dataout<11>    |    8.960|
data2<8>       |dataout<12>    |    9.252|
data2<8>       |dataout<13>    |    9.243|
data2<8>       |dataout<14>    |    9.751|
data2<8>       |dataout<15>    |    9.923|
data2<8>       |dataout<16>    |   10.379|
data2<8>       |dataout<17>    |   10.825|
data2<8>       |dataout<18>    |   11.488|
data2<8>       |dataout<19>    |   11.486|
data2<8>       |dataout<20>    |   11.443|
data2<8>       |dataout<21>    |   12.445|
data2<8>       |dataout<22>    |   12.634|
data2<8>       |dataout<23>    |   12.675|
data2<8>       |dataout<24>    |   13.327|
data2<8>       |dataout<25>    |   13.463|
data2<8>       |dataout<26>    |   13.741|
data2<8>       |dataout<27>    |   14.574|
data2<8>       |dataout<28>    |   14.436|
data2<8>       |dataout<29>    |   14.212|
data2<8>       |dataout<30>    |   15.250|
data2<8>       |dataout<31>    |   15.865|
data2<8>       |oflag          |   15.784|
data2<8>       |zflag          |   17.632|
data2<9>       |cflag          |   15.762|
data2<9>       |dataout<9>     |    7.366|
data2<9>       |dataout<10>    |    8.665|
data2<9>       |dataout<11>    |    8.992|
data2<9>       |dataout<12>    |    9.284|
data2<9>       |dataout<13>    |    9.275|
data2<9>       |dataout<14>    |    9.783|
data2<9>       |dataout<15>    |    9.955|
data2<9>       |dataout<16>    |   10.411|
data2<9>       |dataout<17>    |   10.857|
data2<9>       |dataout<18>    |   11.520|
data2<9>       |dataout<19>    |   11.518|
data2<9>       |dataout<20>    |   11.475|
data2<9>       |dataout<21>    |   12.477|
data2<9>       |dataout<22>    |   12.666|
data2<9>       |dataout<23>    |   12.707|
data2<9>       |dataout<24>    |   13.359|
data2<9>       |dataout<25>    |   13.495|
data2<9>       |dataout<26>    |   13.773|
data2<9>       |dataout<27>    |   14.606|
data2<9>       |dataout<28>    |   14.468|
data2<9>       |dataout<29>    |   14.244|
data2<9>       |dataout<30>    |   15.282|
data2<9>       |dataout<31>    |   15.897|
data2<9>       |oflag          |   15.816|
data2<9>       |zflag          |   17.664|
data2<10>      |cflag          |   15.202|
data2<10>      |dataout<10>    |    7.867|
data2<10>      |dataout<11>    |    8.432|
data2<10>      |dataout<12>    |    8.724|
data2<10>      |dataout<13>    |    8.715|
data2<10>      |dataout<14>    |    9.223|
data2<10>      |dataout<15>    |    9.395|
data2<10>      |dataout<16>    |    9.851|
data2<10>      |dataout<17>    |   10.297|
data2<10>      |dataout<18>    |   10.960|
data2<10>      |dataout<19>    |   10.958|
data2<10>      |dataout<20>    |   10.915|
data2<10>      |dataout<21>    |   11.917|
data2<10>      |dataout<22>    |   12.106|
data2<10>      |dataout<23>    |   12.147|
data2<10>      |dataout<24>    |   12.799|
data2<10>      |dataout<25>    |   12.935|
data2<10>      |dataout<26>    |   13.213|
data2<10>      |dataout<27>    |   14.046|
data2<10>      |dataout<28>    |   13.908|
data2<10>      |dataout<29>    |   13.684|
data2<10>      |dataout<30>    |   14.722|
data2<10>      |dataout<31>    |   15.337|
data2<10>      |oflag          |   15.256|
data2<10>      |zflag          |   17.104|
data2<11>      |cflag          |   14.467|
data2<11>      |dataout<11>    |    7.859|
data2<11>      |dataout<12>    |    8.195|
data2<11>      |dataout<13>    |    7.980|
data2<11>      |dataout<14>    |    8.488|
data2<11>      |dataout<15>    |    8.660|
data2<11>      |dataout<16>    |    9.116|
data2<11>      |dataout<17>    |    9.562|
data2<11>      |dataout<18>    |   10.225|
data2<11>      |dataout<19>    |   10.223|
data2<11>      |dataout<20>    |   10.180|
data2<11>      |dataout<21>    |   11.182|
data2<11>      |dataout<22>    |   11.371|
data2<11>      |dataout<23>    |   11.412|
data2<11>      |dataout<24>    |   12.064|
data2<11>      |dataout<25>    |   12.200|
data2<11>      |dataout<26>    |   12.478|
data2<11>      |dataout<27>    |   13.311|
data2<11>      |dataout<28>    |   13.173|
data2<11>      |dataout<29>    |   12.949|
data2<11>      |dataout<30>    |   13.987|
data2<11>      |dataout<31>    |   14.602|
data2<11>      |oflag          |   14.521|
data2<11>      |zflag          |   16.369|
data2<12>      |cflag          |   14.596|
data2<12>      |dataout<12>    |    7.547|
data2<12>      |dataout<13>    |    8.109|
data2<12>      |dataout<14>    |    8.617|
data2<12>      |dataout<15>    |    8.789|
data2<12>      |dataout<16>    |    9.245|
data2<12>      |dataout<17>    |    9.691|
data2<12>      |dataout<18>    |   10.354|
data2<12>      |dataout<19>    |   10.352|
data2<12>      |dataout<20>    |   10.309|
data2<12>      |dataout<21>    |   11.311|
data2<12>      |dataout<22>    |   11.500|
data2<12>      |dataout<23>    |   11.541|
data2<12>      |dataout<24>    |   12.193|
data2<12>      |dataout<25>    |   12.329|
data2<12>      |dataout<26>    |   12.607|
data2<12>      |dataout<27>    |   13.440|
data2<12>      |dataout<28>    |   13.302|
data2<12>      |dataout<29>    |   13.078|
data2<12>      |dataout<30>    |   14.116|
data2<12>      |dataout<31>    |   14.731|
data2<12>      |oflag          |   14.650|
data2<12>      |zflag          |   16.498|
data2<13>      |cflag          |   14.145|
data2<13>      |dataout<13>    |    7.377|
data2<13>      |dataout<14>    |    8.041|
data2<13>      |dataout<15>    |    8.338|
data2<13>      |dataout<16>    |    8.794|
data2<13>      |dataout<17>    |    9.240|
data2<13>      |dataout<18>    |    9.903|
data2<13>      |dataout<19>    |    9.901|
data2<13>      |dataout<20>    |    9.858|
data2<13>      |dataout<21>    |   10.860|
data2<13>      |dataout<22>    |   11.049|
data2<13>      |dataout<23>    |   11.090|
data2<13>      |dataout<24>    |   11.742|
data2<13>      |dataout<25>    |   11.878|
data2<13>      |dataout<26>    |   12.156|
data2<13>      |dataout<27>    |   12.989|
data2<13>      |dataout<28>    |   12.851|
data2<13>      |dataout<29>    |   12.627|
data2<13>      |dataout<30>    |   13.665|
data2<13>      |dataout<31>    |   14.280|
data2<13>      |oflag          |   14.199|
data2<13>      |zflag          |   16.047|
data2<14>      |cflag          |   13.865|
data2<14>      |dataout<14>    |    7.981|
data2<14>      |dataout<15>    |    8.058|
data2<14>      |dataout<16>    |    8.514|
data2<14>      |dataout<17>    |    8.960|
data2<14>      |dataout<18>    |    9.623|
data2<14>      |dataout<19>    |    9.621|
data2<14>      |dataout<20>    |    9.578|
data2<14>      |dataout<21>    |   10.580|
data2<14>      |dataout<22>    |   10.769|
data2<14>      |dataout<23>    |   10.810|
data2<14>      |dataout<24>    |   11.462|
data2<14>      |dataout<25>    |   11.598|
data2<14>      |dataout<26>    |   11.876|
data2<14>      |dataout<27>    |   12.709|
data2<14>      |dataout<28>    |   12.571|
data2<14>      |dataout<29>    |   12.347|
data2<14>      |dataout<30>    |   13.385|
data2<14>      |dataout<31>    |   14.000|
data2<14>      |oflag          |   13.919|
data2<14>      |zflag          |   15.767|
data2<15>      |cflag          |   12.910|
data2<15>      |dataout<15>    |    7.177|
data2<15>      |dataout<16>    |    7.802|
data2<15>      |dataout<17>    |    8.005|
data2<15>      |dataout<18>    |    8.668|
data2<15>      |dataout<19>    |    8.666|
data2<15>      |dataout<20>    |    8.623|
data2<15>      |dataout<21>    |    9.625|
data2<15>      |dataout<22>    |    9.814|
data2<15>      |dataout<23>    |    9.855|
data2<15>      |dataout<24>    |   10.507|
data2<15>      |dataout<25>    |   10.643|
data2<15>      |dataout<26>    |   10.921|
data2<15>      |dataout<27>    |   11.754|
data2<15>      |dataout<28>    |   11.616|
data2<15>      |dataout<29>    |   11.392|
data2<15>      |dataout<30>    |   12.430|
data2<15>      |dataout<31>    |   13.045|
data2<15>      |oflag          |   12.964|
data2<15>      |zflag          |   14.812|
data2<16>      |cflag          |   13.004|
data2<16>      |dataout<16>    |    7.979|
data2<16>      |dataout<17>    |    8.099|
data2<16>      |dataout<18>    |    8.762|
data2<16>      |dataout<19>    |    8.760|
data2<16>      |dataout<20>    |    8.717|
data2<16>      |dataout<21>    |    9.719|
data2<16>      |dataout<22>    |    9.908|
data2<16>      |dataout<23>    |    9.949|
data2<16>      |dataout<24>    |   10.601|
data2<16>      |dataout<25>    |   10.737|
data2<16>      |dataout<26>    |   11.015|
data2<16>      |dataout<27>    |   11.848|
data2<16>      |dataout<28>    |   11.710|
data2<16>      |dataout<29>    |   11.486|
data2<16>      |dataout<30>    |   12.524|
data2<16>      |dataout<31>    |   13.139|
data2<16>      |oflag          |   13.058|
data2<16>      |zflag          |   14.906|
data2<17>      |cflag          |   12.979|
data2<17>      |dataout<17>    |    7.697|
data2<17>      |dataout<18>    |    8.356|
data2<17>      |dataout<19>    |    8.735|
data2<17>      |dataout<20>    |    8.692|
data2<17>      |dataout<21>    |    9.694|
data2<17>      |dataout<22>    |    9.883|
data2<17>      |dataout<23>    |    9.924|
data2<17>      |dataout<24>    |   10.576|
data2<17>      |dataout<25>    |   10.712|
data2<17>      |dataout<26>    |   10.990|
data2<17>      |dataout<27>    |   11.823|
data2<17>      |dataout<28>    |   11.685|
data2<17>      |dataout<29>    |   11.461|
data2<17>      |dataout<30>    |   12.499|
data2<17>      |dataout<31>    |   13.114|
data2<17>      |oflag          |   13.033|
data2<17>      |zflag          |   14.881|
data2<18>      |cflag          |   12.922|
data2<18>      |dataout<18>    |    8.397|
data2<18>      |dataout<19>    |    8.678|
data2<18>      |dataout<20>    |    8.635|
data2<18>      |dataout<21>    |    9.637|
data2<18>      |dataout<22>    |    9.826|
data2<18>      |dataout<23>    |    9.867|
data2<18>      |dataout<24>    |   10.519|
data2<18>      |dataout<25>    |   10.655|
data2<18>      |dataout<26>    |   10.933|
data2<18>      |dataout<27>    |   11.766|
data2<18>      |dataout<28>    |   11.628|
data2<18>      |dataout<29>    |   11.404|
data2<18>      |dataout<30>    |   12.442|
data2<18>      |dataout<31>    |   13.057|
data2<18>      |oflag          |   12.976|
data2<18>      |zflag          |   14.824|
data2<19>      |cflag          |   11.548|
data2<19>      |dataout<19>    |    8.152|
data2<19>      |dataout<20>    |    8.296|
data2<19>      |dataout<21>    |    8.263|
data2<19>      |dataout<22>    |    8.452|
data2<19>      |dataout<23>    |    8.493|
data2<19>      |dataout<24>    |    9.145|
data2<19>      |dataout<25>    |    9.281|
data2<19>      |dataout<26>    |    9.559|
data2<19>      |dataout<27>    |   10.392|
data2<19>      |dataout<28>    |   10.254|
data2<19>      |dataout<29>    |   10.030|
data2<19>      |dataout<30>    |   11.068|
data2<19>      |dataout<31>    |   11.683|
data2<19>      |oflag          |   11.602|
data2<19>      |zflag          |   13.450|
data2<20>      |cflag          |   11.820|
data2<20>      |dataout<20>    |    7.820|
data2<20>      |dataout<21>    |    8.535|
data2<20>      |dataout<22>    |    8.724|
data2<20>      |dataout<23>    |    8.765|
data2<20>      |dataout<24>    |    9.417|
data2<20>      |dataout<25>    |    9.553|
data2<20>      |dataout<26>    |    9.831|
data2<20>      |dataout<27>    |   10.664|
data2<20>      |dataout<28>    |   10.526|
data2<20>      |dataout<29>    |   10.302|
data2<20>      |dataout<30>    |   11.340|
data2<20>      |dataout<31>    |   11.955|
data2<20>      |oflag          |   11.874|
data2<20>      |zflag          |   13.722|
data2<21>      |cflag          |   11.475|
data2<21>      |dataout<21>    |    7.997|
data2<21>      |dataout<22>    |    7.915|
data2<21>      |dataout<23>    |    8.420|
data2<21>      |dataout<24>    |    9.072|
data2<21>      |dataout<25>    |    9.208|
data2<21>      |dataout<26>    |    9.486|
data2<21>      |dataout<27>    |   10.319|
data2<21>      |dataout<28>    |   10.181|
data2<21>      |dataout<29>    |    9.957|
data2<21>      |dataout<30>    |   10.995|
data2<21>      |dataout<31>    |   11.610|
data2<21>      |oflag          |   11.529|
data2<21>      |zflag          |   13.377|
data2<22>      |cflag          |   11.485|
data2<22>      |dataout<22>    |    7.853|
data2<22>      |dataout<23>    |    8.430|
data2<22>      |dataout<24>    |    9.082|
data2<22>      |dataout<25>    |    9.218|
data2<22>      |dataout<26>    |    9.496|
data2<22>      |dataout<27>    |   10.329|
data2<22>      |dataout<28>    |   10.191|
data2<22>      |dataout<29>    |    9.967|
data2<22>      |dataout<30>    |   11.005|
data2<22>      |dataout<31>    |   11.620|
data2<22>      |oflag          |   11.539|
data2<22>      |zflag          |   13.387|
data2<23>      |cflag          |   10.498|
data2<23>      |dataout<23>    |    7.762|
data2<23>      |dataout<24>    |    7.603|
data2<23>      |dataout<25>    |    8.231|
data2<23>      |dataout<26>    |    8.509|
data2<23>      |dataout<27>    |    9.342|
data2<23>      |dataout<28>    |    9.204|
data2<23>      |dataout<29>    |    8.980|
data2<23>      |dataout<30>    |   10.018|
data2<23>      |dataout<31>    |   10.633|
data2<23>      |oflag          |   10.552|
data2<23>      |zflag          |   12.400|
data2<24>      |cflag          |   10.487|
data2<24>      |dataout<24>    |    7.960|
data2<24>      |dataout<25>    |    8.220|
data2<24>      |dataout<26>    |    8.498|
data2<24>      |dataout<27>    |    9.331|
data2<24>      |dataout<28>    |    9.193|
data2<24>      |dataout<29>    |    8.969|
data2<24>      |dataout<30>    |   10.007|
data2<24>      |dataout<31>    |   10.622|
data2<24>      |oflag          |   10.541|
data2<24>      |zflag          |   12.389|
data2<25>      |cflag          |   10.028|
data2<25>      |dataout<25>    |    7.586|
data2<25>      |dataout<26>    |    7.851|
data2<25>      |dataout<27>    |    8.872|
data2<25>      |dataout<28>    |    8.734|
data2<25>      |dataout<29>    |    8.510|
data2<25>      |dataout<30>    |    9.548|
data2<25>      |dataout<31>    |   10.163|
data2<25>      |oflag          |   10.082|
data2<25>      |zflag          |   11.930|
data2<26>      |cflag          |   10.164|
data2<26>      |dataout<26>    |    7.467|
data2<26>      |dataout<27>    |    9.008|
data2<26>      |dataout<28>    |    8.870|
data2<26>      |dataout<29>    |    8.646|
data2<26>      |dataout<30>    |    9.684|
data2<26>      |dataout<31>    |   10.299|
data2<26>      |oflag          |   10.218|
data2<26>      |zflag          |   12.066|
data2<27>      |cflag          |    8.692|
data2<27>      |dataout<27>    |    7.442|
data2<27>      |dataout<28>    |    7.662|
data2<27>      |dataout<29>    |    7.174|
data2<27>      |dataout<30>    |    8.212|
data2<27>      |dataout<31>    |    8.827|
data2<27>      |oflag          |    8.746|
data2<27>      |zflag          |   10.594|
data2<28>      |cflag          |    9.025|
data2<28>      |dataout<28>    |    7.605|
data2<28>      |dataout<29>    |    7.507|
data2<28>      |dataout<30>    |    8.545|
data2<28>      |dataout<31>    |    9.160|
data2<28>      |oflag          |    9.079|
data2<28>      |zflag          |   10.927|
data2<29>      |cflag          |    8.209|
data2<29>      |dataout<29>    |    7.198|
data2<29>      |dataout<30>    |    7.651|
data2<29>      |dataout<31>    |    8.344|
data2<29>      |oflag          |    8.263|
data2<29>      |zflag          |   10.111|
data2<30>      |cflag          |    7.957|
data2<30>      |dataout<30>    |    7.821|
data2<30>      |dataout<31>    |    8.092|
data2<30>      |oflag          |    8.011|
data2<30>      |zflag          |    9.859|
data2<31>      |cflag          |    6.532|
data2<31>      |dataout<31>    |    7.528|
data2<31>      |oflag          |    6.600|
data2<31>      |zflag          |    9.295|
---------------+---------------+---------+


Analysis completed Mon Apr 06 01:01:50 2020 
--------------------------------------------------------------------------------

Trace Settings:
-------------------------
Trace Settings 

Peak Memory Usage: 408 MB



