Release 14.5 - xst P.58f (nt)
Copyright (c) 1995-2012 Xilinx, Inc.  All rights reserved.
--> Parameter TMPDIR set to xst/projnav.tmp


Total REAL time to Xst completion: 0.00 secs
Total CPU time to Xst completion: 0.46 secs
 
--> Parameter xsthdpdir set to xst


Total REAL time to Xst completion: 0.00 secs
Total CPU time to Xst completion: 0.46 secs
 
--> Reading design: ALU.prj

TABLE OF CONTENTS
  1) Synthesis Options Summary
  2) HDL Parsing
  3) HDL Elaboration
  4) HDL Synthesis
       4.1) HDL Synthesis Report
  5) Advanced HDL Synthesis
       5.1) Advanced HDL Synthesis Report
  6) Low Level Synthesis
  7) Partition Report
  8) Design Summary
       8.1) Primitive and Black Box Usage
       8.2) Device utilization summary
       8.3) Partition Resource Summary
       8.4) Timing Report
            8.4.1) Clock Information
            8.4.2) Asynchronous Control Signals Information
            8.4.3) Timing Summary
            8.4.4) Timing Details
            8.4.5) Cross Clock Domains Report


=========================================================================
*                      Synthesis Options Summary                        *
=========================================================================
---- Source Parameters
Input File Name                    : "ALU.prj"
Ignore Synthesis Constraint File   : NO

---- Target Parameters
Output File Name                   : "ALU"
Output Format                      : NGC
Target Device                      : xc7a100t-3-csg324

---- Source Options
Top Module Name                    : ALU
Automatic FSM Extraction           : YES
FSM Encoding Algorithm             : Auto
Safe Implementation                : No
FSM Style                          : LUT
RAM Extraction                     : Yes
RAM Style                          : Auto
ROM Extraction                     : Yes
Shift Register Extraction          : YES
ROM Style                          : Auto
Resource Sharing                   : YES
Asynchronous To Synchronous        : NO
Shift Register Minimum Size        : 2
Use DSP Block                      : Auto
Automatic Register Balancing       : No

---- Target Options
LUT Combining                      : Auto
Reduce Control Sets                : Auto
Add IO Buffers                     : YES
Global Maximum Fanout              : 100000
Add Generic Clock Buffer(BUFG)     : 32
Register Duplication               : YES
Optimize Instantiated Primitives   : NO
Use Clock Enable                   : Auto
Use Synchronous Set                : Auto
Use Synchronous Reset              : Auto
Pack IO Registers into IOBs        : Auto
Equivalent register Removal        : YES

---- General Options
Optimization Goal                  : Speed
Optimization Effort                : 1
Power Reduction                    : NO
Keep Hierarchy                     : No
Netlist Hierarchy                  : As_Optimized
RTL Output                         : Yes
Global Optimization                : AllClockNets
Read Cores                         : YES
Write Timing Constraints           : NO
Cross Clock Analysis               : NO
Hierarchy Separator                : /
Bus Delimiter                      : <>
Case Specifier                     : Maintain
Slice Utilization Ratio            : 100
BRAM Utilization Ratio             : 100
DSP48 Utilization Ratio            : 100
Auto BRAM Packing                  : NO
Slice Utilization Ratio Delta      : 5

=========================================================================


=========================================================================
*                          HDL Parsing                                  *
=========================================================================
Parsing VHDL file "F:\programming\VHDL\Milestone1\ALU\ALU\Adder.vhd" into library work
Parsing entity <adder>.
Parsing architecture <Behavioral> of entity <adder>.
Parsing VHDL file "F:\programming\VHDL\Milestone1\ALU\ALU\zeroflag.vhd" into library work
Parsing entity <zeroflag>.
Parsing architecture <Behavioral> of entity <zeroflag>.
Parsing VHDL file "F:\programming\VHDL\Milestone1\ALU\ALU\or32.vhd" into library work
Parsing entity <or32>.
Parsing architecture <Behavioral> of entity <or32>.
Parsing VHDL file "F:\programming\VHDL\Milestone1\ALU\ALU\not32.vhd" into library work
Parsing entity <not32>.
Parsing architecture <Behavioral> of entity <not32>.
Parsing VHDL file "F:\programming\VHDL\Milestone1\ALU\ALU\mux4x1.vhd" into library work
Parsing entity <mux4x1>.
Parsing architecture <Behavioral> of entity <mux4x1>.
Parsing VHDL file "F:\programming\VHDL\Milestone1\ALU\ALU\mux2x1.vhd" into library work
Parsing entity <mux2x1>.
Parsing architecture <Behavioral> of entity <mux2x1>.
Parsing VHDL file "F:\programming\VHDL\Milestone1\ALU\ALU\ComponentsPackage.vhd" into library work
Parsing package <ComponentsPackage>.
Parsing VHDL file "F:\programming\VHDL\Milestone1\ALU\ALU\and32.vhd" into library work
Parsing entity <and32>.
Parsing architecture <Behavioral> of entity <and32>.
Parsing VHDL file "F:\programming\VHDL\Milestone1\ALU\ALU\adder32.vhd" into library work
Parsing entity <adder32>.
Parsing architecture <Behavioral> of entity <adder32>.
Parsing VHDL file "F:\programming\VHDL\Milestone1\ALU\ALU\ALU.vhd" into library work
Parsing entity <ALU>.
Parsing architecture <Behavioral> of entity <alu>.

=========================================================================
*                            HDL Elaboration                            *
=========================================================================

Elaborating entity <ALU> (architecture <Behavioral>) from library <work>.

Elaborating entity <not32> (architecture <Behavioral>) from library <work>.

Elaborating entity <and32> (architecture <Behavioral>) from library <work>.

Elaborating entity <or32> (architecture <Behavioral>) from library <work>.

Elaborating entity <mux2x1> (architecture <Behavioral>) from library <work>.
INFO:HDLCompiler:679 - "F:\programming\VHDL\Milestone1\ALU\ALU\mux2x1.vhd" Line 19. Case statement is complete. others clause is never selected

Elaborating entity <adder32> (architecture <Behavioral>) from library <work>.

Elaborating entity <adder> (architecture <Behavioral>) from library <work>.

Elaborating entity <mux4x1> (architecture <Behavioral>) from library <work>.

Elaborating entity <zeroflag> (architecture <Behavioral>) from library <work>.

=========================================================================
*                           HDL Synthesis                               *
=========================================================================

Synthesizing Unit <ALU>.
    Related source file is "F:\programming\VHDL\Milestone1\ALU\ALU\ALU.vhd".
    Summary:
	no macro.
Unit <ALU> synthesized.

Synthesizing Unit <not32>.
    Related source file is "F:\programming\VHDL\Milestone1\ALU\ALU\not32.vhd".
    Summary:
	no macro.
Unit <not32> synthesized.

Synthesizing Unit <and32>.
    Related source file is "F:\programming\VHDL\Milestone1\ALU\ALU\and32.vhd".
    Summary:
	no macro.
Unit <and32> synthesized.

Synthesizing Unit <or32>.
    Related source file is "F:\programming\VHDL\Milestone1\ALU\ALU\or32.vhd".
    Summary:
	no macro.
Unit <or32> synthesized.

Synthesizing Unit <mux2x1>.
    Related source file is "F:\programming\VHDL\Milestone1\ALU\ALU\mux2x1.vhd".
    Summary:
	inferred   1 Multiplexer(s).
Unit <mux2x1> synthesized.

Synthesizing Unit <adder32>.
    Related source file is "F:\programming\VHDL\Milestone1\ALU\ALU\adder32.vhd".
    Summary:
Unit <adder32> synthesized.

Synthesizing Unit <adder>.
    Related source file is "F:\programming\VHDL\Milestone1\ALU\ALU\Adder.vhd".
    Summary:
Unit <adder> synthesized.

Synthesizing Unit <mux4x1>.
    Related source file is "F:\programming\VHDL\Milestone1\ALU\ALU\mux4x1.vhd".
    Found 1-bit tristate buffer for signal <O<31>> created at line 18
    Found 1-bit tristate buffer for signal <O<30>> created at line 18
    Found 1-bit tristate buffer for signal <O<29>> created at line 18
    Found 1-bit tristate buffer for signal <O<28>> created at line 18
    Found 1-bit tristate buffer for signal <O<27>> created at line 18
    Found 1-bit tristate buffer for signal <O<26>> created at line 18
    Found 1-bit tristate buffer for signal <O<25>> created at line 18
    Found 1-bit tristate buffer for signal <O<24>> created at line 18
    Found 1-bit tristate buffer for signal <O<23>> created at line 18
    Found 1-bit tristate buffer for signal <O<22>> created at line 18
    Found 1-bit tristate buffer for signal <O<21>> created at line 18
    Found 1-bit tristate buffer for signal <O<20>> created at line 18
    Found 1-bit tristate buffer for signal <O<19>> created at line 18
    Found 1-bit tristate buffer for signal <O<18>> created at line 18
    Found 1-bit tristate buffer for signal <O<17>> created at line 18
    Found 1-bit tristate buffer for signal <O<16>> created at line 18
    Found 1-bit tristate buffer for signal <O<15>> created at line 18
    Found 1-bit tristate buffer for signal <O<14>> created at line 18
    Found 1-bit tristate buffer for signal <O<13>> created at line 18
    Found 1-bit tristate buffer for signal <O<12>> created at line 18
    Found 1-bit tristate buffer for signal <O<11>> created at line 18
    Found 1-bit tristate buffer for signal <O<10>> created at line 18
    Found 1-bit tristate buffer for signal <O<9>> created at line 18
    Found 1-bit tristate buffer for signal <O<8>> created at line 18
    Found 1-bit tristate buffer for signal <O<7>> created at line 18
    Found 1-bit tristate buffer for signal <O<6>> created at line 18
    Found 1-bit tristate buffer for signal <O<5>> created at line 18
    Found 1-bit tristate buffer for signal <O<4>> created at line 18
    Found 1-bit tristate buffer for signal <O<3>> created at line 18
    Found 1-bit tristate buffer for signal <O<2>> created at line 18
    Found 1-bit tristate buffer for signal <O<1>> created at line 18
    Found 1-bit tristate buffer for signal <O<0>> created at line 18
    Summary:
	inferred  96 Multiplexer(s).
	inferred  32 Tristate(s).
Unit <mux4x1> synthesized.

Synthesizing Unit <zeroflag>.
    Related source file is "F:\programming\VHDL\Milestone1\ALU\ALU\zeroflag.vhd".
    Summary:
	no macro.
Unit <zeroflag> synthesized.

=========================================================================
HDL Synthesis Report

Macro Statistics
# Multiplexers                                         : 97
 1-bit 2-to-1 multiplexer                              : 96
 32-bit 2-to-1 multiplexer                             : 1
# Tristates                                            : 32
 1-bit tristate buffer                                 : 32
# Xors                                                 : 65
 1-bit xor2                                            : 64
 1-bit xor4                                            : 1

=========================================================================

=========================================================================
*                       Advanced HDL Synthesis                          *
=========================================================================


=========================================================================
Advanced HDL Synthesis Report

Macro Statistics
# Multiplexers                                         : 97
 1-bit 2-to-1 multiplexer                              : 96
 32-bit 2-to-1 multiplexer                             : 1
# Xors                                                 : 65
 1-bit xor2                                            : 64
 1-bit xor4                                            : 1

=========================================================================

=========================================================================
*                         Low Level Synthesis                           *
=========================================================================
WARNING:Xst:2042 - Unit ALU: 32 internal tristates are replaced by logic (pull-up yes): N10, N11, N12, N13, N14, N15, N16, N17, N18, N19, N2, N20, N21, N22, N23, N24, N25, N26, N27, N28, N29, N3, N30, N31, N32, N33, N4, N5, N6, N7, N8, N9.

Optimizing unit <ALU> ...

Optimizing unit <adder32> ...

Mapping all equations...
Building and optimizing final netlist ...
Found area constraint ratio of 100 (+ 5) on block ALU, actual ratio is 0.

Final Macro Processing ...

=========================================================================
Final Register Report

Found no macro
=========================================================================

=========================================================================
*                           Partition Report                            *
=========================================================================

Partition Implementation Status
-------------------------------

  No Partitions were found in this design.

-------------------------------

=========================================================================
*                            Design Summary                             *
=========================================================================

Top Level Output File Name         : ALU.ngc

Primitive and Black Box Usage:
------------------------------
# BELS                             : 73
#      LUT3                        : 1
#      LUT4                        : 4
#      LUT5                        : 1
#      LUT6                        : 67
# IO Buffers                       : 104
#      IBUF                        : 69
#      OBUF                        : 3
#      OBUFT                       : 32

Device utilization summary:
---------------------------

Selected Device : 7a100tcsg324-3 


Slice Logic Utilization: 
 Number of Slice LUTs:                   73  out of  63400     0%  
    Number used as Logic:                73  out of  63400     0%  

Slice Logic Distribution: 
 Number of LUT Flip Flop pairs used:     73
   Number with an unused Flip Flop:      73  out of     73   100%  
   Number with an unused LUT:             0  out of     73     0%  
   Number of fully used LUT-FF pairs:     0  out of     73     0%  
   Number of unique control sets:         0

IO Utilization: 
 Number of IOs:                         104
 Number of bonded IOBs:                 104  out of    210    49%  

Specific Feature Utilization:

---------------------------
Partition Resource Summary:
---------------------------

  No Partitions were found in this design.

---------------------------


=========================================================================
Timing Report

NOTE: THESE TIMING NUMBERS ARE ONLY A SYNTHESIS ESTIMATE.
      FOR ACCURATE TIMING INFORMATION PLEASE REFER TO THE TRACE REPORT
      GENERATED AFTER PLACE-and-ROUTE.

Clock Information:
------------------
No clock signals found in this design

Asynchronous Control Signals Information:
----------------------------------------
No asynchronous control signals found in this design

Timing Summary:
---------------
Speed Grade: -3

   Minimum period: No path found
   Minimum input arrival time before clock: No path found
   Maximum output required time after clock: No path found
   Maximum combinational path delay: 9.116ns

Timing Details:
---------------
All values displayed in nanoseconds (ns)

=========================================================================
Timing constraint: Default path analysis
  Total number of paths / destination ports: 3256 / 35
-------------------------------------------------------------------------
Delay:               9.116ns (Levels of Logic = 22)
  Source:            data1<1> (PAD)
  Destination:       zflag (PAD)

  Data Path: data1<1> to zflag
                                Gate     Net
    Cell:in->out      fanout   Delay   Delay  Logical Name (Net Name)
    ----------------------------------------  ------------
     IBUF:I->O             2   0.001   0.698  data1_1_IBUF (data1_1_IBUF)
     LUT6:I0->O            3   0.097   0.305  adding/p2/cout1 (adding/carry<1>)
     LUT6:I5->O            3   0.097   0.305  adding/p4/cout1 (adding/carry<3>)
     LUT6:I5->O            3   0.097   0.305  adding/p6/cout1 (adding/carry<5>)
     LUT6:I5->O            2   0.097   0.299  adding/p8/cout1 (adding/carry<7>)
     LUT4:I3->O            3   0.097   0.305  adding/p9/cout1 (adding/carry<8>)
     LUT6:I5->O            3   0.097   0.305  adding/p11/cout1 (adding/carry<10>)
     LUT6:I5->O            3   0.097   0.305  adding/p13/cout1 (adding/carry<12>)
     LUT6:I5->O            3   0.097   0.305  adding/p15/cout1 (adding/carry<14>)
     LUT6:I5->O            3   0.097   0.305  adding/p17/cout1 (adding/carry<16>)
     LUT6:I5->O            3   0.097   0.305  adding/p19/cout1 (adding/carry<18>)
     LUT6:I5->O            3   0.097   0.305  adding/p21/cout1 (adding/carry<20>)
     LUT6:I5->O            3   0.097   0.305  adding/p23/cout1 (adding/carry<22>)
     LUT6:I5->O            3   0.097   0.305  adding/p25/cout1 (adding/carry<24>)
     LUT6:I5->O            3   0.097   0.305  adding/p27/cout1 (adding/carry<26>)
     LUT6:I5->O            3   0.097   0.305  adding/p29/cout1 (adding/carry<28>)
     LUT6:I5->O            3   0.097   0.305  adding/p31/cout1 (adding/carry<30>)
     LUT6:I5->O            2   0.097   0.515  mux41/Mmux_S[3]_Z_13_o_Mux_1_o11 (dataout_31_OBUFT)
     LUT3:I0->O            1   0.097   0.511  zero/output<31>2 (zero/output<31>1)
     LUT6:I3->O            1   0.097   0.295  zero/output<31>9_SW0 (N70)
     LUT6:I5->O            1   0.097   0.279  zero/output<31>9 (zflag_OBUF)
     OBUF:I->O                 0.000          zflag_OBUF (zflag)
    ----------------------------------------
    Total                      9.116ns (1.941ns logic, 7.175ns route)
                                       (21.3% logic, 78.7% route)

=========================================================================

Cross Clock Domains Report:
--------------------------

=========================================================================


Total REAL time to Xst completion: 11.00 secs
Total CPU time to Xst completion: 10.88 secs
 
--> 

Total memory usage is 350700 kilobytes

Number of errors   :    0 (   0 filtered)
Number of warnings :    1 (   0 filtered)
Number of infos    :    0 (   0 filtered)

